[jefesprofootball.com/noticias/index.html]
[backblue.gif]
[fade.gif]
[index.html]
[jefesprofootball.com/wp-content/plugins/easy-image-collage/css/public1b83.css]
[jefesprofootball.com/wp-includes/css/dashicons.min3781.css]
[jefesprofootball.com/wp-includes/js/jquery/jquery.min5aed.js]
[jefesprofootball.com/wp-content/plugins/gutenberg/build/i18n/index.mina8f5.js]
[jefesprofootball.com/wp-content/plugins/blogmentor/assets/js/custom6486.js]
[i0.wp.com/jefesprofootball.com/wp-content/uploads/2022/10/cropped-JEFES-LFA-icon2-e1666919028255e43b.png]
[i0.wp.com/jefesprofootball.com/wp-content/uploads/2022/10/cropped-JEFES-LFA-icon2-e166691902825598d8.png]
[i0.wp.com/jefesprofootball.com/wp-content/uploads/2022/10/cropped-JEFES-LFA-icon2-e1666919028255f9b5.png]
[i0.wp.com/jefesprofootball.com/wp-content/uploads/2022/10/JEFES_LFA_LOGO_1cd1e.png]
[i0.wp.com/jefesprofootball.com/wp-content/uploads/2022/03/Mesa-de-trabajo-24@2x8d4c.png]
[jefesprofootball.com/wp-content/uploads/2022/04/WhatsApp-Image-2022-04-21-at-11.41.53-AM-2.jpg]
[jefesprofootball.com/wp-content/uploads/2022/04/WhatsApp-Image-2022-03-29-at-1.09.15-PM.jpg]
[jefesprofootball.com/wp-content/uploads/2022/04/WhatsApp-Image-2022-03-29-at-12.02.34-PM-2.jpg]
[s0.wp.com/wp-content/js/bilmur.minbf6c.js]
[jefesprofootball.com/wp-includes/js/underscore.mind584.js]
[jefesprofootball.com/wp-includes/js/shortcode.min6e03.js]
[jefesprofootball.com/wp-includes/js/backbone.min330a.js]
[jefesprofootball.com/wp-includes/js/mediaelement/mediaelement-and-player.min1f61.js]
[jefesprofootball.com/_static/indexcf59.html]
[jefesprofootball.com/wp-content/plugins/gutenberg/build/a11y/index.min1c1d.js]
[jefesprofootball.com/wp-includes/js/clipboard.min7bf6.js]
[jefesprofootball.com/wp-includes/js/media-views.min3781.js]
[assets.pinterest.com/js/pinitd584.js]
[jefesprofootball.com/wp-includes/js/media-editor.min3781.js]
[stats.wp.com/e-202330.js]
[jefesprofootball.com/wp-content/plugins/pro-elements/assets/js/frontend.min9d52.js]
[jefesprofootball.com/wp-content/plugins/elementor/assets/lib/waypoints/waypoints.minfb71.js]
[jefesprofootball.com/wp-content/plugins/elementor/assets/js/frontend.mina1c3.js]
[jefesprofootball.com/wp-content/plugins/pro-elements/assets/js/elements-handlers.mine119.js]
[jefesprofootball.com/noticias/index.html]
[jefesprofootball.com/wp-content/plugins/easy-image-collage/css/public1b83.css]
[jefesprofootball.com/wp-includes/css/dashicons.min3781.css]
[jefesprofootball.com/wp-content/plugins/wpforms-lite/assets/js/integrations/elementor/frontend.min7f54.js]
